../Core/Src/bno055.c:14:6:bno055_writeData	32	static
../Core/Src/bno055.c:21:6:bno055_readData	24	static
../Core/Src/bno055.c:30:6:bno055_delay	16	static
../Core/Src/bno055.c:34:6:bno055_setPage	16	static
../Core/Src/bno055.c:36:17:bno055_getOperationMode	16	static
../Core/Src/bno055.c:42:6:bno055_setOperationMode	16	static
../Core/Src/bno055.c:51:6:bno055_setOperationModeConfig	8	static
../Core/Src/bno055.c:55:6:bno055_setOperationModeNDOF	8	static
../Core/Src/bno055.c:59:6:bno055_setExternalCrystalUse	24	static
../Core/Src/bno055.c:68:6:bno055_enableExternalCrystal	8	static
../Core/Src/bno055.c:69:6:bno055_disableExternalCrystal	8	static
../Core/Src/bno055.c:71:6:bno055_reset	8	static
../Core/Src/bno055.c:76:8:bno055_getTemp	16	static
../Core/Src/bno055.c:83:6:bno055_setup	16	static
../Core/Src/bno055.c:99:9:bno055_getSWRevision	16	static
../Core/Src/bno055.c:106:9:bno055_getBootloaderRevision	16	static
../Core/Src/bno055.c:113:9:bno055_getSystemStatus	16	static
../Core/Src/bno055.c:120:27:bno055_getSelfTestResult	24	static
../Core/Src/bno055.c:133:9:bno055_getSystemError	16	static
../Core/Src/bno055.c:140:28:bno055_getCalibrationState	24	static
../Core/Src/bno055.c:152:27:bno055_getCalibrationData	72	static
../Core/Src/bno055.c:173:6:bno055_setCalibrationData	32	static
../Core/Src/bno055.c:194:17:bno055_getVector	144	static
../Core/Src/bno055.c:233:17:bno055_getVectorAccelerometer	88	static
../Core/Src/bno055.c:236:17:bno055_getVectorMagnetometer	88	static
../Core/Src/bno055.c:239:17:bno055_getVectorGyroscope	88	static
../Core/Src/bno055.c:242:17:bno055_getVectorEuler	88	static
../Core/Src/bno055.c:245:17:bno055_getVectorLinearAccel	88	static
../Core/Src/bno055.c:248:17:bno055_getVectorGravity	88	static
../Core/Src/bno055.c:251:17:bno055_getVectorQuaternion	88	static
../Core/Src/bno055.c:255:6:bno055_setAxisMap	24	static
