../Drivers/CMSIS/Include/core_cm4.h:1938:34:__NVIC_SystemReset	4	static,ignoring_inline_asm
../Core/Src/main.c:66:5:main	176	static
../Core/Src/main.c:113:6:Error_Handler	16	static
../Core/Src/main.c:127:6:setUp	24	static
../Core/Src/main.c:174:6:hardcodeCalibrationData	40	static
../Core/Src/main.c:192:6:displaySpeed	72	static
../Core/Src/main.c:210:6:displayTemperature	48	static
../Core/Src/main.c:223:7:convertToFahrenheit	16	static
../Core/Src/main.c:227:6:displayHeadingAndAngle	144	static
../Core/Src/main.c:275:13:getCompassDirection	16	static
../Core/Src/main.c:296:7:calculateHeading	48	static
../Core/Src/main.c:306:6:displayMovement	176	static
../Core/Src/main.c:360:5:isUserIdle	96	static
../Core/Src/main.c:373:5:isUserSlightlyMoving	88	static
../Core/Src/main.c:382:5:isUserMoving	104	static
../Core/Src/main.c:398:5:isUserWalking	88	static
../Core/Src/main.c:408:13:MX_I2C1_Init	8	static
../Core/Src/main.c:424:13:MX_GPIO_Init	32	static
../Core/Src/main.c:436:6:SystemClock_Config	80	static
