../Drivers/CMSIS/Include/core_cm4.h:1938:34:__NVIC_SystemReset	4	static,ignoring_inline_asm
../Core/Src/main.c:65:5:main	176	static
../Core/Src/main.c:112:6:Error_Handler	16	static
../Core/Src/main.c:126:6:setUp	24	static
../Core/Src/main.c:173:6:hardcodeCalibrationData	40	static
../Core/Src/main.c:191:6:displaySpeed	136	static
../Core/Src/main.c:211:6:displayTemperature	48	static
../Core/Src/main.c:224:7:convertToFahrenheit	16	static
../Core/Src/main.c:228:6:displayHeadingAndAngle	144	static
../Core/Src/main.c:276:13:getCompassDirection	16	static
../Core/Src/main.c:297:7:calculateHeading	48	static
../Core/Src/main.c:307:6:displayMovement	176	static
../Core/Src/main.c:360:5:isUserIdle	96	static
../Core/Src/main.c:373:5:isUserSlightlyMoving	88	static
../Core/Src/main.c:382:5:isUserMoving	104	static
../Core/Src/main.c:400:5:isUserWalking	80	static
../Core/Src/main.c:408:13:MX_I2C1_Init	8	static
../Core/Src/main.c:424:13:MX_GPIO_Init	32	static
../Core/Src/main.c:436:6:SystemClock_Config	80	static
